ARM Linker, 4.1 [Build 894] [Standard]

==============================================================================

Section Cross References

    startup_stm32f10x_hd.o(RESET) refers to startup_stm32f10x_hd.o(STACK) for __initial_sp
    startup_stm32f10x_hd.o(RESET) refers to startup_stm32f10x_hd.o(.text) for Reset_Handler
    startup_stm32f10x_hd.o(RESET) refers to stm32f10x_it.o(.text) for NMI_Handler
    startup_stm32f10x_hd.o(RESET) refers to delay.o(.text) for SysTick_Handler
    startup_stm32f10x_hd.o(RESET) refers to timer.o(.text) for TIM1_UP_IRQHandler
    startup_stm32f10x_hd.o(.text) refers to system_stm32f10x.o(.text) for SystemInit
    startup_stm32f10x_hd.o(.text) refers to entry.o(.ARM.Collect$$$$00000000) for __main
    main.o(.text) refers to ldc1000.o(.text) for SPI_LDC1000_ReadBytes
    main.o(.text) refers to delay.o(.text) for DelayInit
    main.o(.text) refers to usart1.o(.text) for USART1_Config
    main.o(.text) refers to pwm.o(.text) for PWM_TIM4_CH1_Config
    main.o(.text) refers to oled.o(.text) for OLED_Init
    main.o(.text) refers to timer.o(.text) for TIM1_Int_Init
    main.o(.text) refers to motor.o(.text) for Run
    main.o(.text) refers to printf1.o(i.__0printf$1) for __2printf
    main.o(.text) refers to stm32f10x_gpio.o(.text) for GPIO_SetBits
    main.o(.text) refers to main.o(.data) for proximtyData
    main.o(.text) refers to timer.o(.data) for Sec
    main.o(.text) refers to motor.o(.data) for LdcValTmp
    usart1.o(.text) refers to misc.o(.text) for NVIC_PriorityGroupConfig
    usart1.o(.text) refers to stm32f10x_rcc.o(.text) for RCC_APB2PeriphClockCmd
    usart1.o(.text) refers to stm32f10x_gpio.o(.text) for GPIO_Init
    usart1.o(.text) refers to stm32f10x_usart.o(.text) for USART_Init
    delay.o(.text) refers to system_stm32f10x.o(.data) for SystemCoreClock
    delay.o(.text) refers to delay.o(.data) for TimeDelay
    stm32f10x_it.o(.text) refers to stm32f10x_usart.o(.text) for USART_GetITStatus
    ldc1000.o(.text) refers to stm32f10x_spi.o(.text) for SPI_I2S_GetFlagStatus
    ldc1000.o(.text) refers to stm32f10x_rcc.o(.text) for RCC_APB2PeriphClockCmd
    ldc1000.o(.text) refers to stm32f10x_gpio.o(.text) for GPIO_Init
    ldc1000.o(.text) refers to delay.o(.text) for delayus
    pwm.o(.text) refers to stm32f10x_rcc.o(.text) for RCC_APB2PeriphClockCmd
    pwm.o(.text) refers to stm32f10x_gpio.o(.text) for GPIO_Init
    pwm.o(.text) refers to stm32f10x_tim.o(.text) for TIM_TimeBaseInit
    motor.o(.text) refers to stm32f10x_gpio.o(.text) for GPIO_SetBits
    timer.o(.text) refers to stm32f10x_rcc.o(.text) for RCC_APB2PeriphClockCmd
    timer.o(.text) refers to stm32f10x_tim.o(.text) for TIM_TimeBaseInit
    timer.o(.text) refers to misc.o(.text) for NVIC_PriorityGroupConfig
    timer.o(.text) refers to stm32f10x_gpio.o(.text) for GPIO_StructInit
    timer.o(.text) refers to dflti.o(.text) for __aeabi_i2d
    timer.o(.text) refers to dmul.o(.text) for __aeabi_dmul
    timer.o(.text) refers to dfixi.o(.text) for __aeabi_d2iz
    timer.o(.text) refers to timer.o(.data) for Encoder_Left
    stm32f10x_gpio.o(.text) refers to stm32f10x_rcc.o(.text) for RCC_APB2PeriphResetCmd
    stm32f10x_rcc.o(.text) refers to stm32f10x_rcc.o(.data) for APBAHBPrescTable
    stm32f10x_usart.o(.text) refers to stm32f10x_rcc.o(.text) for RCC_APB2PeriphResetCmd
    stm32f10x_spi.o(.text) refers to stm32f10x_rcc.o(.text) for RCC_APB2PeriphResetCmd
    stm32f10x_tim.o(.text) refers to stm32f10x_rcc.o(.text) for RCC_APB2PeriphResetCmd
    system_stm32f10x.o(.text) refers to system_stm32f10x.o(.data) for SystemCoreClock
    oled.o(.text) refers to stm32f10x_gpio.o(.text) for GPIO_SetBits
    oled.o(.text) refers to stm32f10x_rcc.o(.text) for RCC_APB2PeriphClockCmd
    oled.o(.text) refers to delay.o(.text) for delayms
    oled.o(.text) refers to oled.o(.constdata) for F8X16
    oled.o(.text) refers to oled.o(.data) for Hzk
    entry.o(.ARM.Collect$$$$00000000) refers (Special) to entry7b.o(.ARM.Collect$$$$00000008) for _main_clock
    entry.o(.ARM.Collect$$$$00000000) refers (Special) to entry8.o(.ARM.Collect$$$$00000009) for _main_init
    entry.o(.ARM.Collect$$$$00000000) refers (Special) to entry5.o(.ARM.Collect$$$$00000004) for _main_scatterload
    entry.o(.ARM.Collect$$$$00000000) refers (Special) to entry2.o(.ARM.Collect$$$$00000001) for _main_stk
    printfb.o(i.__0fprintf$bare) refers to printfb.o(i._printf_core) for _printf_core
    printfb.o(i.__0fprintf$bare) refers to usart1.o(.text) for fputc
    printfb.o(i.__0printf$bare) refers to printfb.o(i._printf_core) for _printf_core
    printfb.o(i.__0printf$bare) refers to usart1.o(.text) for fputc
    printfb.o(i.__0printf$bare) refers to stdout.o(.data) for __stdout
    printfb.o(i.__0snprintf$bare) refers to printfb.o(i._printf_core) for _printf_core
    printfb.o(i.__0snprintf$bare) refers to printfb.o(i._snputc) for _snputc
    printfb.o(i.__0sprintf$bare) refers to printfb.o(i._printf_core) for _printf_core
    printfb.o(i.__0sprintf$bare) refers to printfb.o(i._sputc) for _sputc
    printfb.o(i.__0vfprintf$bare) refers to printfb.o(i._printf_core) for _printf_core
    printfb.o(i.__0vfprintf$bare) refers to usart1.o(.text) for fputc
    printfb.o(i.__0vprintf$bare) refers to printfb.o(i._printf_core) for _printf_core
    printfb.o(i.__0vprintf$bare) refers to usart1.o(.text) for fputc
    printfb.o(i.__0vprintf$bare) refers to stdout.o(.data) for __stdout
    printfb.o(i.__0vsnprintf$bare) refers to printfb.o(i._printf_core) for _printf_core
    printfb.o(i.__0vsnprintf$bare) refers to printfb.o(i._snputc) for _snputc
    printfb.o(i.__0vsprintf$bare) refers to printfb.o(i._printf_core) for _printf_core
    printfb.o(i.__0vsprintf$bare) refers to printfb.o(i._sputc) for _sputc
    printf0.o(i.__0fprintf$0) refers to printf0.o(i._printf_core) for _printf_core
    printf0.o(i.__0fprintf$0) refers to usart1.o(.text) for fputc
    printf0.o(i.__0printf$0) refers to printf0.o(i._printf_core) for _printf_core
    printf0.o(i.__0printf$0) refers to usart1.o(.text) for fputc
    printf0.o(i.__0printf$0) refers to stdout.o(.data) for __stdout
    printf0.o(i.__0snprintf$0) refers to printf0.o(i._printf_core) for _printf_core
    printf0.o(i.__0snprintf$0) refers to printf0.o(i._snputc) for _snputc
    printf0.o(i.__0sprintf$0) refers to printf0.o(i._printf_core) for _printf_core
    printf0.o(i.__0sprintf$0) refers to printf0.o(i._sputc) for _sputc
    printf0.o(i.__0vfprintf$0) refers to printf0.o(i._printf_core) for _printf_core
    printf0.o(i.__0vfprintf$0) refers to usart1.o(.text) for fputc
    printf0.o(i.__0vprintf$0) refers to printf0.o(i._printf_core) for _printf_core
    printf0.o(i.__0vprintf$0) refers to usart1.o(.text) for fputc
    printf0.o(i.__0vprintf$0) refers to stdout.o(.data) for __stdout
    printf0.o(i.__0vsnprintf$0) refers to printf0.o(i._printf_core) for _printf_core
    printf0.o(i.__0vsnprintf$0) refers to printf0.o(i._snputc) for _snputc
    printf0.o(i.__0vsprintf$0) refers to printf0.o(i._printf_core) for _printf_core
    printf0.o(i.__0vsprintf$0) refers to printf0.o(i._sputc) for _sputc
    printf1.o(i.__0fprintf$1) refers to printf1.o(i._printf_core) for _printf_core
    printf1.o(i.__0fprintf$1) refers to usart1.o(.text) for fputc
    printf1.o(i.__0printf$1) refers to printf1.o(i._printf_core) for _printf_core
    printf1.o(i.__0printf$1) refers to usart1.o(.text) for fputc
    printf1.o(i.__0printf$1) refers to stdout.o(.data) for __stdout
    printf1.o(i.__0snprintf$1) refers to printf1.o(i._printf_core) for _printf_core
    printf1.o(i.__0snprintf$1) refers to printf1.o(i._snputc) for _snputc
    printf1.o(i.__0sprintf$1) refers to printf1.o(i._printf_core) for _printf_core
    printf1.o(i.__0sprintf$1) refers to printf1.o(i._sputc) for _sputc
    printf1.o(i.__0vfprintf$1) refers to printf1.o(i._printf_core) for _printf_core
    printf1.o(i.__0vfprintf$1) refers to usart1.o(.text) for fputc
    printf1.o(i.__0vprintf$1) refers to printf1.o(i._printf_core) for _printf_core
    printf1.o(i.__0vprintf$1) refers to usart1.o(.text) for fputc
    printf1.o(i.__0vprintf$1) refers to stdout.o(.data) for __stdout
    printf1.o(i.__0vsnprintf$1) refers to printf1.o(i._printf_core) for _printf_core
    printf1.o(i.__0vsnprintf$1) refers to printf1.o(i._snputc) for _snputc
    printf1.o(i.__0vsprintf$1) refers to printf1.o(i._printf_core) for _printf_core
    printf1.o(i.__0vsprintf$1) refers to printf1.o(i._sputc) for _sputc
    printf1.o(i._printf_core) refers to uidiv.o(.text) for __aeabi_uidivmod
    printf2.o(i.__0fprintf$2) refers to printf2.o(i._printf_core) for _printf_core
    printf2.o(i.__0fprintf$2) refers to usart1.o(.text) for fputc
    printf2.o(i.__0printf$2) refers to printf2.o(i._printf_core) for _printf_core
    printf2.o(i.__0printf$2) refers to usart1.o(.text) for fputc
    printf2.o(i.__0printf$2) refers to stdout.o(.data) for __stdout
    printf2.o(i.__0snprintf$2) refers to printf2.o(i._printf_core) for _printf_core
    printf2.o(i.__0snprintf$2) refers to printf2.o(i._snputc) for _snputc
    printf2.o(i.__0sprintf$2) refers to printf2.o(i._printf_core) for _printf_core
    printf2.o(i.__0sprintf$2) refers to printf2.o(i._sputc) for _sputc
    printf2.o(i.__0vfprintf$2) refers to printf2.o(i._printf_core) for _printf_core
    printf2.o(i.__0vfprintf$2) refers to usart1.o(.text) for fputc
    printf2.o(i.__0vprintf$2) refers to printf2.o(i._printf_core) for _printf_core
    printf2.o(i.__0vprintf$2) refers to usart1.o(.text) for fputc
    printf2.o(i.__0vprintf$2) refers to stdout.o(.data) for __stdout
    printf2.o(i.__0vsnprintf$2) refers to printf2.o(i._printf_core) for _printf_core
    printf2.o(i.__0vsnprintf$2) refers to printf2.o(i._snputc) for _snputc
    printf2.o(i.__0vsprintf$2) refers to printf2.o(i._printf_core) for _printf_core
    printf2.o(i.__0vsprintf$2) refers to printf2.o(i._sputc) for _sputc
    printf3.o(i.__0fprintf$3) refers to printf3.o(i._printf_core) for _printf_core
    printf3.o(i.__0fprintf$3) refers to usart1.o(.text) for fputc
    printf3.o(i.__0printf$3) refers to printf3.o(i._printf_core) for _printf_core
    printf3.o(i.__0printf$3) refers to usart1.o(.text) for fputc
    printf3.o(i.__0printf$3) refers to stdout.o(.data) for __stdout
    printf3.o(i.__0snprintf$3) refers to printf3.o(i._printf_core) for _printf_core
    printf3.o(i.__0snprintf$3) refers to printf3.o(i._snputc) for _snputc
    printf3.o(i.__0sprintf$3) refers to printf3.o(i._printf_core) for _printf_core
    printf3.o(i.__0sprintf$3) refers to printf3.o(i._sputc) for _sputc
    printf3.o(i.__0vfprintf$3) refers to printf3.o(i._printf_core) for _printf_core
    printf3.o(i.__0vfprintf$3) refers to usart1.o(.text) for fputc
    printf3.o(i.__0vprintf$3) refers to printf3.o(i._printf_core) for _printf_core
    printf3.o(i.__0vprintf$3) refers to usart1.o(.text) for fputc
    printf3.o(i.__0vprintf$3) refers to stdout.o(.data) for __stdout
    printf3.o(i.__0vsnprintf$3) refers to printf3.o(i._printf_core) for _printf_core
    printf3.o(i.__0vsnprintf$3) refers to printf3.o(i._snputc) for _snputc
    printf3.o(i.__0vsprintf$3) refers to printf3.o(i._printf_core) for _printf_core
    printf3.o(i.__0vsprintf$3) refers to printf3.o(i._sputc) for _sputc
    printf3.o(i._printf_core) refers to uidiv.o(.text) for __aeabi_uidivmod
    printf4.o(i.__0fprintf$4) refers to printf4.o(i._printf_core) for _printf_core
    printf4.o(i.__0fprintf$4) refers to usart1.o(.text) for fputc
    printf4.o(i.__0printf$4) refers to printf4.o(i._printf_core) for _printf_core
    printf4.o(i.__0printf$4) refers to usart1.o(.text) for fputc
    printf4.o(i.__0printf$4) refers to stdout.o(.data) for __stdout
    printf4.o(i.__0snprintf$4) refers to printf4.o(i._printf_core) for _printf_core
    printf4.o(i.__0snprintf$4) refers to printf4.o(i._snputc) for _snputc
    printf4.o(i.__0sprintf$4) refers to printf4.o(i._printf_core) for _printf_core
    printf4.o(i.__0sprintf$4) refers to printf4.o(i._sputc) for _sputc
    printf4.o(i.__0vfprintf$4) refers to printf4.o(i._printf_core) for _printf_core
    printf4.o(i.__0vfprintf$4) refers to usart1.o(.text) for fputc
    printf4.o(i.__0vprintf$4) refers to printf4.o(i._printf_core) for _printf_core
    printf4.o(i.__0vprintf$4) refers to usart1.o(.text) for fputc
    printf4.o(i.__0vprintf$4) refers to stdout.o(.data) for __stdout
    printf4.o(i.__0vsnprintf$4) refers to printf4.o(i._printf_core) for _printf_core
    printf4.o(i.__0vsnprintf$4) refers to printf4.o(i._snputc) for _snputc
    printf4.o(i.__0vsprintf$4) refers to printf4.o(i._printf_core) for _printf_core
    printf4.o(i.__0vsprintf$4) refers to printf4.o(i._sputc) for _sputc
    printf4.o(i._printf_core) refers to uldiv.o(.text) for __aeabi_uldivmod
    printf5.o(i.__0fprintf$5) refers to printf5.o(i._printf_core) for _printf_core
    printf5.o(i.__0fprintf$5) refers to usart1.o(.text) for fputc
    printf5.o(i.__0printf$5) refers to printf5.o(i._printf_core) for _printf_core
    printf5.o(i.__0printf$5) refers to usart1.o(.text) for fputc
    printf5.o(i.__0printf$5) refers to stdout.o(.data) for __stdout
    printf5.o(i.__0snprintf$5) refers to printf5.o(i._printf_core) for _printf_core
    printf5.o(i.__0snprintf$5) refers to printf5.o(i._snputc) for _snputc
    printf5.o(i.__0sprintf$5) refers to printf5.o(i._printf_core) for _printf_core
    printf5.o(i.__0sprintf$5) refers to printf5.o(i._sputc) for _sputc
    printf5.o(i.__0vfprintf$5) refers to printf5.o(i._printf_core) for _printf_core
    printf5.o(i.__0vfprintf$5) refers to usart1.o(.text) for fputc
    printf5.o(i.__0vprintf$5) refers to printf5.o(i._printf_core) for _printf_core
    printf5.o(i.__0vprintf$5) refers to usart1.o(.text) for fputc
    printf5.o(i.__0vprintf$5) refers to stdout.o(.data) for __stdout
    printf5.o(i.__0vsnprintf$5) refers to printf5.o(i._printf_core) for _printf_core
    printf5.o(i.__0vsnprintf$5) refers to printf5.o(i._snputc) for _snputc
    printf5.o(i.__0vsprintf$5) refers to printf5.o(i._printf_core) for _printf_core
    printf5.o(i.__0vsprintf$5) refers to printf5.o(i._sputc) for _sputc
    printf5.o(i._printf_core) refers to uldiv.o(.text) for __aeabi_uldivmod
    printf6.o(i.__0fprintf$6) refers to printf6.o(i._printf_core) for _printf_core
    printf6.o(i.__0fprintf$6) refers to usart1.o(.text) for fputc
    printf6.o(i.__0printf$6) refers to printf6.o(i._printf_core) for _printf_core
    printf6.o(i.__0printf$6) refers to usart1.o(.text) for fputc
    printf6.o(i.__0printf$6) refers to stdout.o(.data) for __stdout
    printf6.o(i.__0snprintf$6) refers to printf6.o(i._printf_core) for _printf_core
    printf6.o(i.__0snprintf$6) refers to printf6.o(i._snputc) for _snputc
    printf6.o(i.__0sprintf$6) refers to printf6.o(i._printf_core) for _printf_core
    printf6.o(i.__0sprintf$6) refers to printf6.o(i._sputc) for _sputc
    printf6.o(i.__0vfprintf$6) refers to printf6.o(i._printf_core) for _printf_core
    printf6.o(i.__0vfprintf$6) refers to usart1.o(.text) for fputc
    printf6.o(i.__0vprintf$6) refers to printf6.o(i._printf_core) for _printf_core
    printf6.o(i.__0vprintf$6) refers to usart1.o(.text) for fputc
    printf6.o(i.__0vprintf$6) refers to stdout.o(.data) for __stdout
    printf6.o(i.__0vsnprintf$6) refers to printf6.o(i._printf_core) for _printf_core
    printf6.o(i.__0vsnprintf$6) refers to printf6.o(i._snputc) for _snputc
    printf6.o(i.__0vsprintf$6) refers to printf6.o(i._printf_core) for _printf_core
    printf6.o(i.__0vsprintf$6) refers to printf6.o(i._sputc) for _sputc
    printf6.o(i._printf_core) refers to printf6.o(i._printf_pre_padding) for _printf_pre_padding
    printf6.o(i._printf_core) refers to uidiv.o(.text) for __aeabi_uidivmod
    printf6.o(i._printf_core) refers to printf6.o(i._printf_post_padding) for _printf_post_padding
    printf7.o(i.__0fprintf$7) refers to printf7.o(i._printf_core) for _printf_core
    printf7.o(i.__0fprintf$7) refers to usart1.o(.text) for fputc
    printf7.o(i.__0printf$7) refers to printf7.o(i._printf_core) for _printf_core
    printf7.o(i.__0printf$7) refers to usart1.o(.text) for fputc
    printf7.o(i.__0printf$7) refers to stdout.o(.data) for __stdout
    printf7.o(i.__0snprintf$7) refers to printf7.o(i._printf_core) for _printf_core
    printf7.o(i.__0snprintf$7) refers to printf7.o(i._snputc) for _snputc
    printf7.o(i.__0sprintf$7) refers to printf7.o(i._printf_core) for _printf_core
    printf7.o(i.__0sprintf$7) refers to printf7.o(i._sputc) for _sputc
    printf7.o(i.__0vfprintf$7) refers to printf7.o(i._printf_core) for _printf_core
    printf7.o(i.__0vfprintf$7) refers to usart1.o(.text) for fputc
    printf7.o(i.__0vprintf$7) refers to printf7.o(i._printf_core) for _printf_core
    printf7.o(i.__0vprintf$7) refers to usart1.o(.text) for fputc
    printf7.o(i.__0vprintf$7) refers to stdout.o(.data) for __stdout
    printf7.o(i.__0vsnprintf$7) refers to printf7.o(i._printf_core) for _printf_core
    printf7.o(i.__0vsnprintf$7) refers to printf7.o(i._snputc) for _snputc
    printf7.o(i.__0vsprintf$7) refers to printf7.o(i._printf_core) for _printf_core
    printf7.o(i.__0vsprintf$7) refers to printf7.o(i._sputc) for _sputc
    printf7.o(i._printf_core) refers to printf7.o(i._printf_pre_padding) for _printf_pre_padding
    printf7.o(i._printf_core) refers to uldiv.o(.text) for __aeabi_uldivmod
    printf7.o(i._printf_core) refers to printf7.o(i._printf_post_padding) for _printf_post_padding
    printf8.o(i.__0fprintf$8) refers to printf8.o(i._printf_core) for _printf_core
    printf8.o(i.__0fprintf$8) refers to usart1.o(.text) for fputc
    printf8.o(i.__0printf$8) refers to printf8.o(i._printf_core) for _printf_core
    printf8.o(i.__0printf$8) refers to usart1.o(.text) for fputc
    printf8.o(i.__0printf$8) refers to stdout.o(.data) for __stdout
    printf8.o(i.__0snprintf$8) refers to printf8.o(i._printf_core) for _printf_core
    printf8.o(i.__0snprintf$8) refers to printf8.o(i._snputc) for _snputc
    printf8.o(i.__0sprintf$8) refers to printf8.o(i._printf_core) for _printf_core
    printf8.o(i.__0sprintf$8) refers to printf8.o(i._sputc) for _sputc
    printf8.o(i.__0vfprintf$8) refers to printf8.o(i._printf_core) for _printf_core
    printf8.o(i.__0vfprintf$8) refers to usart1.o(.text) for fputc
    printf8.o(i.__0vprintf$8) refers to printf8.o(i._printf_core) for _printf_core
    printf8.o(i.__0vprintf$8) refers to usart1.o(.text) for fputc
    printf8.o(i.__0vprintf$8) refers to stdout.o(.data) for __stdout
    printf8.o(i.__0vsnprintf$8) refers to printf8.o(i._printf_core) for _printf_core
    printf8.o(i.__0vsnprintf$8) refers to printf8.o(i._snputc) for _snputc
    printf8.o(i.__0vsprintf$8) refers to printf8.o(i._printf_core) for _printf_core
    printf8.o(i.__0vsprintf$8) refers to printf8.o(i._sputc) for _sputc
    printf8.o(i._printf_core) refers to printf8.o(i._printf_pre_padding) for _printf_pre_padding
    printf8.o(i._printf_core) refers to uldiv.o(.text) for __aeabi_uldivmod
    printf8.o(i._printf_core) refers to printf8.o(i._printf_post_padding) for _printf_post_padding
    printfa.o(i.__0fprintf) refers (Special) to iusefp.o(.text) for __I$use$fp
    printfa.o(i.__0fprintf) refers to printfa.o(i._printf_core) for _printf_core
    printfa.o(i.__0fprintf) refers to usart1.o(.text) for fputc
    printfa.o(i.__0printf) refers (Special) to iusefp.o(.text) for __I$use$fp
    printfa.o(i.__0printf) refers to printfa.o(i._printf_core) for _printf_core
    printfa.o(i.__0printf) refers to usart1.o(.text) for fputc
    printfa.o(i.__0printf) refers to stdout.o(.data) for __stdout
    printfa.o(i.__0snprintf) refers (Special) to iusefp.o(.text) for __I$use$fp
    printfa.o(i.__0snprintf) refers to printfa.o(i._printf_core) for _printf_core
    printfa.o(i.__0snprintf) refers to printfa.o(i._snputc) for _snputc
    printfa.o(i.__0sprintf) refers (Special) to iusefp.o(.text) for __I$use$fp
    printfa.o(i.__0sprintf) refers to printfa.o(i._printf_core) for _printf_core
    printfa.o(i.__0sprintf) refers to printfa.o(i._sputc) for _sputc
    printfa.o(i.__0vfprintf) refers (Special) to iusefp.o(.text) for __I$use$fp
    printfa.o(i.__0vfprintf) refers to printfa.o(i._printf_core) for _printf_core
    printfa.o(i.__0vfprintf) refers to usart1.o(.text) for fputc
    printfa.o(i.__0vprintf) refers (Special) to iusefp.o(.text) for __I$use$fp
    printfa.o(i.__0vprintf) refers to printfa.o(i._printf_core) for _printf_core
    printfa.o(i.__0vprintf) refers to usart1.o(.text) for fputc
    printfa.o(i.__0vprintf) refers to stdout.o(.data) for __stdout
    printfa.o(i.__0vsnprintf) refers (Special) to iusefp.o(.text) for __I$use$fp
    printfa.o(i.__0vsnprintf) refers to printfa.o(i._printf_core) for _printf_core
    printfa.o(i.__0vsnprintf) refers to printfa.o(i._snputc) for _snputc
    printfa.o(i.__0vsprintf) refers (Special) to iusefp.o(.text) for __I$use$fp
    printfa.o(i.__0vsprintf) refers to printfa.o(i._printf_core) for _printf_core
    printfa.o(i.__0vsprintf) refers to printfa.o(i._sputc) for _sputc
    printfa.o(i._fp_digits) refers (Special) to iusefp.o(.text) for __I$use$fp
    printfa.o(i._fp_digits) refers to dmul.o(.text) for __aeabi_dmul
    printfa.o(i._fp_digits) refers to ddiv.o(.text) for __aeabi_ddiv
    printfa.o(i._fp_digits) refers to cdrcmple.o(.text) for __aeabi_cdrcmple
    printfa.o(i._fp_digits) refers to dadd.o(.text) for __aeabi_dadd
    printfa.o(i._fp_digits) refers to dfixul.o(.text) for __aeabi_d2ulz
    printfa.o(i._fp_digits) refers to uldiv.o(.text) for __aeabi_uldivmod
    printfa.o(i._printf_core) refers (Special) to iusefp.o(.text) for __I$use$fp
    printfa.o(i._printf_core) refers to printfa.o(i._printf_pre_padding) for _printf_pre_padding
    printfa.o(i._printf_core) refers to uldiv.o(.text) for __aeabi_uldivmod
    printfa.o(i._printf_core) refers to printfa.o(i._printf_post_padding) for _printf_post_padding
    printfa.o(i._printf_core) refers to printfa.o(i._fp_digits) for _fp_digits
    printfa.o(i._printf_core) refers to uidiv.o(.text) for __aeabi_uidivmod
    printfa.o(i._printf_post_padding) refers (Special) to iusefp.o(.text) for __I$use$fp
    printfa.o(i._printf_pre_padding) refers (Special) to iusefp.o(.text) for __I$use$fp
    printfa.o(i._snputc) refers (Special) to iusefp.o(.text) for __I$use$fp
    printfa.o(i._sputc) refers (Special) to iusefp.o(.text) for __I$use$fp
    dmul.o(.text) refers (Special) to iusefp.o(.text) for __I$use$fp
    dmul.o(.text) refers to depilogue.o(.text) for _double_epilogue
    dflti.o(.text) refers (Special) to iusefp.o(.text) for __I$use$fp
    dflti.o(.text) refers to depilogue.o(.text) for _double_epilogue
    dfixi.o(.text) refers (Special) to iusefp.o(.text) for __I$use$fp
    dfixi.o(.text) refers to llushr.o(.text) for __aeabi_llsr
    entry2.o(.ARM.Collect$$$$00000001) refers to entry2.o(.ARM.Collect$$$$00002712) for __lit__00000000
    entry2.o(.ARM.Collect$$$$00002712) refers to startup_stm32f10x_hd.o(STACK) for __initial_sp
    entry2.o(__vectab_stack_and_reset_area) refers to startup_stm32f10x_hd.o(STACK) for __initial_sp
    entry2.o(__vectab_stack_and_reset_area) refers to entry.o(.ARM.Collect$$$$00000000) for __main
    entry5.o(.ARM.Collect$$$$00000004) refers to init.o(.text) for __scatterload
    entry8.o(.ARM.Collect$$$$00000009) refers to main.o(.text) for main
    uldiv.o(.text) refers to llushr.o(.text) for __aeabi_llsr
    uldiv.o(.text) refers to llshl.o(.text) for __aeabi_llsl
    depilogue.o(.text) refers to llshl.o(.text) for __aeabi_llsl
    depilogue.o(.text) refers to llushr.o(.text) for __aeabi_llsr
    dadd.o(.text) refers to llshl.o(.text) for __aeabi_llsl
    dadd.o(.text) refers to llsshr.o(.text) for __aeabi_lasr
    dadd.o(.text) refers to depilogue.o(.text) for _double_epilogue
    ddiv.o(.text) refers to depilogue.o(.text) for _double_round
    dfixul.o(.text) refers to llushr.o(.text) for __aeabi_llsr
    dfixul.o(.text) refers to llshl.o(.text) for __aeabi_llsl
    init.o(.text) refers to entry5.o(.ARM.Collect$$$$00000004) for __main_after_scatterload


==============================================================================

Removing Unused input sections from the image.

    Removing startup_stm32f10x_hd.o(HEAP), (512 bytes).
    Removing ldc1000.o(.bss), (20 bytes).
    Removing core_cm3.o(.emb_text), (32 bytes).
    Removing dadd.o(.text), (332 bytes).
    Removing ddiv.o(.text), (222 bytes).
    Removing dfixul.o(.text), (48 bytes).
    Removing cdrcmple.o(.text), (40 bytes).

7 unused section(s) (total 1206 bytes) removed from the image.

==============================================================================

Image Symbol Table

    Local Symbols

    Symbol Name                              Value     Ov Type        Size  Object(Section)

    ../../../cmprslib/zerorunl2.c            0x00000000   Number         0  __dczerorl2.o ABSOLUTE
    ../../microlib/division.c                0x00000000   Number         0  uidiv.o ABSOLUTE
    ../../microlib/division.c                0x00000000   Number         0  uldiv.o ABSOLUTE
    ../../microlib/fpadd.c                   0x00000000   Number         0  dadd.o ABSOLUTE
    ../../microlib/fpdiv.c                   0x00000000   Number         0  ddiv.o ABSOLUTE
    ../../microlib/fpepilogue.c              0x00000000   Number         0  depilogue.o ABSOLUTE
    ../../microlib/fpfix.c                   0x00000000   Number         0  dfixul.o ABSOLUTE
    ../../microlib/fpfix.c                   0x00000000   Number         0  dfixi.o ABSOLUTE
    ../../microlib/fpflt.c                   0x00000000   Number         0  dflti.o ABSOLUTE
    ../../microlib/fpmul.c                   0x00000000   Number         0  dmul.o ABSOLUTE
    ../../microlib/init/entry.s              0x00000000   Number         0  entry.o ABSOLUTE
    ../../microlib/init/entry.s              0x00000000   Number         0  entry8.o ABSOLUTE
    ../../microlib/init/entry.s              0x00000000   Number         0  entry7b.o ABSOLUTE
    ../../microlib/init/entry.s              0x00000000   Number         0  entry2.o ABSOLUTE
    ../../microlib/init/entry.s              0x00000000   Number         0  entry7a.o ABSOLUTE
    ../../microlib/init/entry.s              0x00000000   Number         0  entry5.o ABSOLUTE
    ../../microlib/longlong.c                0x00000000   Number         0  llsshr.o ABSOLUTE
    ../../microlib/longlong.c                0x00000000   Number         0  llshl.o ABSOLUTE
    ../../microlib/longlong.c                0x00000000   Number         0  llushr.o ABSOLUTE
    ../../microlib/printf/printf.c           0x00000000   Number         0  printf2.o ABSOLUTE
    ../../microlib/printf/printf.c           0x00000000   Number         0  printfa.o ABSOLUTE
    ../../microlib/printf/printf.c           0x00000000   Number         0  printf8.o ABSOLUTE
    ../../microlib/printf/printf.c           0x00000000   Number         0  printf7.o ABSOLUTE
    ../../microlib/printf/printf.c           0x00000000   Number         0  printfb.o ABSOLUTE
    ../../microlib/printf/printf.c           0x00000000   Number         0  printf6.o ABSOLUTE
    ../../microlib/printf/printf.c           0x00000000   Number         0  printf5.o ABSOLUTE
    ../../microlib/printf/printf.c           0x00000000   Number         0  printf4.o ABSOLUTE
    ../../microlib/printf/printf.c           0x00000000   Number         0  printf3.o ABSOLUTE
    ../../microlib/printf/printf.c           0x00000000   Number         0  printf1.o ABSOLUTE
    ../../microlib/printf/printf.c           0x00000000   Number         0  printf0.o ABSOLUTE
    ../../microlib/printf/stubs.s            0x00000000   Number         0  stubs.o ABSOLUTE
    ../../microlib/stdio/streams.c           0x00000000   Number         0  stdout.o ABSOLUTE
    ../../microlib/stubs.s                   0x00000000   Number         0  iusefp.o ABSOLUTE
    CM3\\core_cm3.c                          0x00000000   Number         0  core_cm3.o ABSOLUTE
    CM3\core_cm3.c                           0x00000000   Number         0  core_cm3.o ABSOLUTE
    CM3\system_stm32f10x.c                   0x00000000   Number         0  system_stm32f10x.o ABSOLUTE
    FWlib\SRC\misc.c                         0x00000000   Number         0  misc.o ABSOLUTE
    FWlib\SRC\stm32f10x_gpio.c               0x00000000   Number         0  stm32f10x_gpio.o ABSOLUTE
    FWlib\SRC\stm32f10x_rcc.c                0x00000000   Number         0  stm32f10x_rcc.o ABSOLUTE
    FWlib\SRC\stm32f10x_spi.c                0x00000000   Number         0  stm32f10x_spi.o ABSOLUTE
    FWlib\SRC\stm32f10x_tim.c                0x00000000   Number         0  stm32f10x_tim.o ABSOLUTE
    FWlib\SRC\stm32f10x_usart.c              0x00000000   Number         0  stm32f10x_usart.o ABSOLUTE
    OLED\oled.c                              0x00000000   Number         0  oled.o ABSOLUTE
    cdrcmple.s                               0x00000000   Number         0  cdrcmple.o ABSOLUTE
    dc.s                                     0x00000000   Number         0  dc.o ABSOLUTE
    handlers.s                               0x00000000   Number         0  handlers.o ABSOLUTE
    init.s                                   0x00000000   Number         0  init.o ABSOLUTE
    startup\startup_stm32f10x_hd.s           0x00000000   Number         0  startup_stm32f10x_hd.o ABSOLUTE
    user\LDC1000.c                           0x00000000   Number         0  ldc1000.o ABSOLUTE
    user\delay.c                             0x00000000   Number         0  delay.o ABSOLUTE
    user\main.c                              0x00000000   Number         0  main.o ABSOLUTE
    user\motor.c                             0x00000000   Number         0  motor.o ABSOLUTE
    user\pwm.c                               0x00000000   Number         0  pwm.o ABSOLUTE
    user\stm32f10x_it.c                      0x00000000   Number         0  stm32f10x_it.o ABSOLUTE
    user\timer.c                             0x00000000   Number         0  timer.o ABSOLUTE
    user\usart1.c                            0x00000000   Number         0  usart1.o ABSOLUTE
    RESET                                    0x08000000   Section      304  startup_stm32f10x_hd.o(RESET)
    .ARM.Collect$$$$00000000                 0x08000130   Section        0  entry.o(.ARM.Collect$$$$00000000)
    .ARM.Collect$$$$00000001                 0x08000130   Section        4  entry2.o(.ARM.Collect$$$$00000001)
    .ARM.Collect$$$$00000004                 0x08000134   Section        4  entry5.o(.ARM.Collect$$$$00000004)
    .ARM.Collect$$$$00000008                 0x08000138   Section        0  entry7b.o(.ARM.Collect$$$$00000008)
    .ARM.Collect$$$$00000009                 0x08000138   Section        8  entry8.o(.ARM.Collect$$$$00000009)
    .ARM.Collect$$$$00002712                 0x08000140   Section        4  entry2.o(.ARM.Collect$$$$00002712)
    __lit__00000000                          0x08000140   Data           4  entry2.o(.ARM.Collect$$$$00002712)
    .text                                    0x08000144   Section       36  startup_stm32f10x_hd.o(.text)
    .text                                    0x08000168   Section        0  main.o(.text)
    .text                                    0x080003cc   Section        0  usart1.o(.text)
    itoa                                     0x08000497   Thumb Code    98  usart1.o(.text)
    .text                                    0x08000608   Section        0  delay.o(.text)
    .text                                    0x080006d4   Section        0  stm32f10x_it.o(.text)
    .text                                    0x0800070c   Section        0  misc.o(.text)
    .text                                    0x080007e8   Section        0  ldc1000.o(.text)
    .text                                    0x08000a7c   Section        0  pwm.o(.text)
    .text                                    0x08000c54   Section        0  motor.o(.text)
    .text                                    0x08000cd0   Section        0  timer.o(.text)
    .text                                    0x08000ef0   Section        0  stm32f10x_gpio.o(.text)
    .text                                    0x08001248   Section        0  stm32f10x_rcc.o(.text)
    .text                                    0x080015e8   Section        0  stm32f10x_usart.o(.text)
    .text                                    0x080019f4   Section        0  stm32f10x_spi.o(.text)
    .text                                    0x08001d04   Section        0  stm32f10x_tim.o(.text)
    TI4_Config                               0x0800218f   Thumb Code   118  stm32f10x_tim.o(.text)
    TI3_Config                               0x08002217   Thumb Code   114  stm32f10x_tim.o(.text)
    TI2_Config                               0x0800229f   Thumb Code   118  stm32f10x_tim.o(.text)
    TI1_Config                               0x08002327   Thumb Code   106  stm32f10x_tim.o(.text)
    .text                                    0x08002ab4   Section        0  system_stm32f10x.o(.text)
    SetSysClockTo72                          0x08002ab5   Thumb Code   192  system_stm32f10x.o(.text)
    SetSysClock                              0x08002b75   Thumb Code     8  system_stm32f10x.o(.text)
    .text                                    0x08002c7c   Section        0  oled.o(.text)
    .text                                    0x080031a4   Section        0  dmul.o(.text)
    .text                                    0x08003284   Section        0  dflti.o(.text)
    .text                                    0x080032a6   Section        0  dfixi.o(.text)
    .text                                    0x080032e4   Section        0  uidiv.o(.text)
    .text                                    0x08003310   Section        0  llushr.o(.text)
    .text                                    0x08003330   Section        0  iusefp.o(.text)
    .text                                    0x08003330   Section        0  depilogue.o(.text)
    .text                                    0x080033f0   Section       36  init.o(.text)
    .text                                    0x08003414   Section        0  llshl.o(.text)
    .text                                    0x08003432   Section        0  __dczerorl2.o(.text)
    i.__0printf$1                            0x08003490   Section        0  printf1.o(i.__0printf$1)
    i.__scatterload_copy                     0x080034b0   Section       14  handlers.o(i.__scatterload_copy)
    i.__scatterload_null                     0x080034be   Section        2  handlers.o(i.__scatterload_null)
    i.__scatterload_zeroinit                 0x080034c0   Section       14  handlers.o(i.__scatterload_zeroinit)
    i._printf_core                           0x080034d0   Section        0  printf1.o(i._printf_core)
    _printf_core                             0x080034d1   Thumb Code   332  printf1.o(i._printf_core)
    .constdata                               0x08003620   Section     2072  oled.o(.constdata)
    .data                                    0x20000000   Section       57  main.o(.data)
    .data                                    0x2000003c   Section        4  delay.o(.data)
    .data                                    0x20000040   Section        6  motor.o(.data)
    .data                                    0x20000048   Section       16  timer.o(.data)
    .data                                    0x20000058   Section       20  stm32f10x_rcc.o(.data)
    APBAHBPrescTable                         0x20000058   Data          16  stm32f10x_rcc.o(.data)
    ADCPrescTable                            0x20000068   Data           4  stm32f10x_rcc.o(.data)
    .data                                    0x2000006c   Section       20  system_stm32f10x.o(.data)
    .data                                    0x20000080   Section      640  oled.o(.data)
    .data                                    0x20000300   Section        4  stdout.o(.data)
    STACK                                    0x20000308   Section     1024  startup_stm32f10x_hd.o(STACK)

    Global Symbols

    Symbol Name                              Value     Ov Type        Size  Object(Section)

    BuildAttributes$$THM_ISAv4$P$D$K$B$S$PE$A:L22UL41UL21$X:L11$S22US41US21$IEEE1$IW$USESV6$~STKCKD$USESV7$~SHL$OSPACE$ROPI$EBA8$MICROLIB$REQ8$PRES8$EABIv2 0x00000000   Number         0  anon$$obj.o ABSOLUTE
    __ARM_use_no_argv                        0x00000000   Number         0  main.o ABSOLUTE
    _printf_a                                0x00000000   Number         0  stubs.o ABSOLUTE
    _printf_c                                0x00000000   Number         0  stubs.o ABSOLUTE
    _printf_charcount                        0x00000000   Number         0  stubs.o ABSOLUTE
    _printf_d                                0x00000000   Number         0  stubs.o ABSOLUTE
    _printf_e                                0x00000000   Number         0  stubs.o ABSOLUTE
    _printf_f                                0x00000000   Number         0  stubs.o ABSOLUTE
    _printf_flags                            0x00000000   Number         0  stubs.o ABSOLUTE
    _printf_fp_dec                           0x00000000   Number         0  stubs.o ABSOLUTE
    _printf_fp_hex                           0x00000000   Number         0  stubs.o ABSOLUTE
    _printf_g                                0x00000000   Number         0  stubs.o ABSOLUTE
    _printf_i                                0x00000000   Number         0  stubs.o ABSOLUTE
    _printf_int_dec                          0x00000000   Number         0  stubs.o ABSOLUTE
    _printf_l                                0x00000000   Number         0  stubs.o ABSOLUTE
    _printf_lc                               0x00000000   Number         0  stubs.o ABSOLUTE
    _printf_ll                               0x00000000   Number         0  stubs.o ABSOLUTE
    _printf_lld                              0x00000000   Number         0  stubs.o ABSOLUTE
    _printf_lli                              0x00000000   Number         0  stubs.o ABSOLUTE
    _printf_llo                              0x00000000   Number         0  stubs.o ABSOLUTE
    _printf_llu                              0x00000000   Number         0  stubs.o ABSOLUTE
    _printf_llx                              0x00000000   Number         0  stubs.o ABSOLUTE
    _printf_longlong_dec                     0x00000000   Number         0  stubs.o ABSOLUTE
    _printf_longlong_hex                     0x00000000   Number         0  stubs.o ABSOLUTE
    _printf_longlong_oct                     0x00000000   Number         0  stubs.o ABSOLUTE
    _printf_ls                               0x00000000   Number         0  stubs.o ABSOLUTE
    _printf_mbtowc                           0x00000000   Number         0  stubs.o ABSOLUTE
    _printf_n                                0x00000000   Number         0  stubs.o ABSOLUTE
    _printf_o                                0x00000000   Number         0  stubs.o ABSOLUTE
    _printf_p                                0x00000000   Number         0  stubs.o ABSOLUTE
    _printf_percent                          0x00000000   Number         0  stubs.o ABSOLUTE
    _printf_pre_padding                      0x00000000   Number         0  stubs.o ABSOLUTE
    _printf_return_value                     0x00000000   Number         0  stubs.o ABSOLUTE
    _printf_s                                0x00000000   Number         0  stubs.o ABSOLUTE
    _printf_sizespec                         0x00000000   Number         0  stubs.o ABSOLUTE
    _printf_str                              0x00000000   Number         0  stubs.o ABSOLUTE
    _printf_truncate_signed                  0x00000000   Number         0  stubs.o ABSOLUTE
    _printf_truncate_unsigned                0x00000000   Number         0  stubs.o ABSOLUTE
    _printf_u                                0x00000000   Number         0  stubs.o ABSOLUTE
    _printf_wc                               0x00000000   Number         0  stubs.o ABSOLUTE
    _printf_wctomb                           0x00000000   Number         0  stubs.o ABSOLUTE
    _printf_widthprec                        0x00000000   Number         0  stubs.o ABSOLUTE
    _printf_x                                0x00000000   Number         0  stubs.o ABSOLUTE
    _clock_init                               - Undefined Weak Reference
    __Vectors_Size                           0x00000130   Number         0  startup_stm32f10x_hd.o ABSOLUTE
    __Vectors                                0x08000000   Data           4  startup_stm32f10x_hd.o(RESET)
    __Vectors_End                            0x08000130   Data           0  startup_stm32f10x_hd.o(RESET)
    __main                                   0x08000131   Thumb Code     0  entry.o(.ARM.Collect$$$$00000000)
    _main_stk                                0x08000131   Thumb Code     0  entry2.o(.ARM.Collect$$$$00000001)
    _main_scatterload                        0x08000135   Thumb Code     0  entry5.o(.ARM.Collect$$$$00000004)
    __main_after_scatterload                 0x08000139   Thumb Code     0  entry5.o(.ARM.Collect$$$$00000004)
    _main_clock                              0x08000139   Thumb Code     0  entry7b.o(.ARM.Collect$$$$00000008)
    _main_init                               0x08000139   Thumb Code     0  entry8.o(.ARM.Collect$$$$00000009)
    Reset_Handler                            0x08000145   Thumb Code     8  startup_stm32f10x_hd.o(.text)
    ADC1_2_IRQHandler                        0x0800015f   Thumb Code     0  startup_stm32f10x_hd.o(.text)
    ADC3_IRQHandler                          0x0800015f   Thumb Code     0  startup_stm32f10x_hd.o(.text)
    CAN1_RX1_IRQHandler                      0x0800015f   Thumb Code     0  startup_stm32f10x_hd.o(.text)
    CAN1_SCE_IRQHandler                      0x0800015f   Thumb Code     0  startup_stm32f10x_hd.o(.text)
    DMA1_Channel1_IRQHandler                 0x0800015f   Thumb Code     0  startup_stm32f10x_hd.o(.text)
    DMA1_Channel2_IRQHandler                 0x0800015f   Thumb Code     0  startup_stm32f10x_hd.o(.text)
    DMA1_Channel3_IRQHandler                 0x0800015f   Thumb Code     0  startup_stm32f10x_hd.o(.text)
    DMA1_Channel4_IRQHandler                 0x0800015f   Thumb Code     0  startup_stm32f10x_hd.o(.text)
    DMA1_Channel5_IRQHandler                 0x0800015f   Thumb Code     0  startup_stm32f10x_hd.o(.text)
    DMA1_Channel6_IRQHandler                 0x0800015f   Thumb Code     0  startup_stm32f10x_hd.o(.text)
    DMA1_Channel7_IRQHandler                 0x0800015f   Thumb Code     0  startup_stm32f10x_hd.o(.text)
    DMA2_Channel1_IRQHandler                 0x0800015f   Thumb Code     0  startup_stm32f10x_hd.o(.text)
    DMA2_Channel2_IRQHandler                 0x0800015f   Thumb Code     0  startup_stm32f10x_hd.o(.text)
    DMA2_Channel3_IRQHandler                 0x0800015f   Thumb Code     0  startup_stm32f10x_hd.o(.text)
    DMA2_Channel4_5_IRQHandler               0x0800015f   Thumb Code     0  startup_stm32f10x_hd.o(.text)
    EXTI0_IRQHandler                         0x0800015f   Thumb Code     0  startup_stm32f10x_hd.o(.text)
    EXTI15_10_IRQHandler                     0x0800015f   Thumb Code     0  startup_stm32f10x_hd.o(.text)
    EXTI1_IRQHandler                         0x0800015f   Thumb Code     0  startup_stm32f10x_hd.o(.text)
    EXTI2_IRQHandler                         0x0800015f   Thumb Code     0  startup_stm32f10x_hd.o(.text)
    EXTI3_IRQHandler                         0x0800015f   Thumb Code     0  startup_stm32f10x_hd.o(.text)
    EXTI4_IRQHandler                         0x0800015f   Thumb Code     0  startup_stm32f10x_hd.o(.text)
    EXTI9_5_IRQHandler                       0x0800015f   Thumb Code     0  startup_stm32f10x_hd.o(.text)
    FLASH_IRQHandler                         0x0800015f   Thumb Code     0  startup_stm32f10x_hd.o(.text)
    FSMC_IRQHandler                          0x0800015f   Thumb Code     0  startup_stm32f10x_hd.o(.text)
    I2C1_ER_IRQHandler                       0x0800015f   Thumb Code     0  startup_stm32f10x_hd.o(.text)
    I2C1_EV_IRQHandler                       0x0800015f   Thumb Code     0  startup_stm32f10x_hd.o(.text)
    I2C2_ER_IRQHandler                       0x0800015f   Thumb Code     0  startup_stm32f10x_hd.o(.text)
    I2C2_EV_IRQHandler                       0x0800015f   Thumb Code     0  startup_stm32f10x_hd.o(.text)
    PVD_IRQHandler                           0x0800015f   Thumb Code     0  startup_stm32f10x_hd.o(.text)
    RCC_IRQHandler                           0x0800015f   Thumb Code     0  startup_stm32f10x_hd.o(.text)
    RTCAlarm_IRQHandler                      0x0800015f   Thumb Code     0  startup_stm32f10x_hd.o(.text)
    RTC_IRQHandler                           0x0800015f   Thumb Code     0  startup_stm32f10x_hd.o(.text)
    SDIO_IRQHandler                          0x0800015f   Thumb Code     0  startup_stm32f10x_hd.o(.text)
    SPI1_IRQHandler                          0x0800015f   Thumb Code     0  startup_stm32f10x_hd.o(.text)
    SPI2_IRQHandler                          0x0800015f   Thumb Code     0  startup_stm32f10x_hd.o(.text)
    SPI3_IRQHandler                          0x0800015f   Thumb Code     0  startup_stm32f10x_hd.o(.text)
    TAMPER_IRQHandler                        0x0800015f   Thumb Code     0  startup_stm32f10x_hd.o(.text)
    TIM1_BRK_IRQHandler                      0x0800015f   Thumb Code     0  startup_stm32f10x_hd.o(.text)
    TIM1_CC_IRQHandler                       0x0800015f   Thumb Code     0  startup_stm32f10x_hd.o(.text)
    TIM1_TRG_COM_IRQHandler                  0x0800015f   Thumb Code     0  startup_stm32f10x_hd.o(.text)
    TIM2_IRQHandler                          0x0800015f   Thumb Code     0  startup_stm32f10x_hd.o(.text)
    TIM3_IRQHandler                          0x0800015f   Thumb Code     0  startup_stm32f10x_hd.o(.text)
    TIM4_IRQHandler                          0x0800015f   Thumb Code     0  startup_stm32f10x_hd.o(.text)
    TIM5_IRQHandler                          0x0800015f   Thumb Code     0  startup_stm32f10x_hd.o(.text)
    TIM6_IRQHandler                          0x0800015f   Thumb Code     0  startup_stm32f10x_hd.o(.text)
    TIM7_IRQHandler                          0x0800015f   Thumb Code     0  startup_stm32f10x_hd.o(.text)
    TIM8_BRK_IRQHandler                      0x0800015f   Thumb Code     0  startup_stm32f10x_hd.o(.text)
    TIM8_CC_IRQHandler                       0x0800015f   Thumb Code     0  startup_stm32f10x_hd.o(.text)
    TIM8_TRG_COM_IRQHandler                  0x0800015f   Thumb Code     0  startup_stm32f10x_hd.o(.text)
    TIM8_UP_IRQHandler                       0x0800015f   Thumb Code     0  startup_stm32f10x_hd.o(.text)
    UART4_IRQHandler                         0x0800015f   Thumb Code     0  startup_stm32f10x_hd.o(.text)
    UART5_IRQHandler                         0x0800015f   Thumb Code     0  startup_stm32f10x_hd.o(.text)
    USART2_IRQHandler                        0x0800015f   Thumb Code     0  startup_stm32f10x_hd.o(.text)
    USART3_IRQHandler                        0x0800015f   Thumb Code     0  startup_stm32f10x_hd.o(.text)
    USBWakeUp_IRQHandler                     0x0800015f   Thumb Code     0  startup_stm32f10x_hd.o(.text)
    USB_HP_CAN1_TX_IRQHandler                0x0800015f   Thumb Code     0  startup_stm32f10x_hd.o(.text)
    USB_LP_CAN1_RX0_IRQHandler               0x0800015f   Thumb Code     0  startup_stm32f10x_hd.o(.text)
    WWDG_IRQHandler                          0x0800015f   Thumb Code     0  startup_stm32f10x_hd.o(.text)
    ReadValue                                0x08000169   Thumb Code   168  main.o(.text)
    main                                     0x08000211   Thumb Code   372  main.o(.text)
    NVIC_Config                              0x080003cd   Thumb Code    40  usart1.o(.text)
    USART1_Config                            0x080003f5   Thumb Code   130  usart1.o(.text)
    fputc                                    0x08000477   Thumb Code    32  usart1.o(.text)
    USART1_printf                            0x080004f9   Thumb Code   262  usart1.o(.text)
    DelayInit                                0x08000609   Thumb Code   106  delay.o(.text)
    delayus                                  0x08000673   Thumb Code    32  delay.o(.text)
    delayms                                  0x08000693   Thumb Code    18  delay.o(.text)
    SysTick_Handler                          0x080006a5   Thumb Code    18  delay.o(.text)
    Software_Delay                           0x080006b7   Thumb Code    10  delay.o(.text)
    NMI_Handler                              0x080006d5   Thumb Code     2  stm32f10x_it.o(.text)
    USART1_IRQHandler                        0x080006d7   Thumb Code    28  stm32f10x_it.o(.text)
    HardFault_Handler                        0x080006f3   Thumb Code     4  stm32f10x_it.o(.text)
    MemManage_Handler                        0x080006f7   Thumb Code     4  stm32f10x_it.o(.text)
    BusFault_Handler                         0x080006fb   Thumb Code     4  stm32f10x_it.o(.text)
    UsageFault_Handler                       0x080006ff   Thumb Code     4  stm32f10x_it.o(.text)
    SVC_Handler                              0x08000703   Thumb Code     2  stm32f10x_it.o(.text)
    DebugMon_Handler                         0x08000705   Thumb Code     2  stm32f10x_it.o(.text)
    PendSV_Handler                           0x08000707   Thumb Code     2  stm32f10x_it.o(.text)
    NVIC_PriorityGroupConfig                 0x0800070d   Thumb Code    10  misc.o(.text)
    NVIC_Init                                0x08000717   Thumb Code   102  misc.o(.text)
    NVIC_SetVectorTable                      0x0800077d   Thumb Code    14  misc.o(.text)
    NVIC_SystemLPConfig                      0x0800078b   Thumb Code    34  misc.o(.text)
    SysTick_CLKSourceConfig                  0x080007ad   Thumb Code    40  misc.o(.text)
    LDC1000_SendByte                         0x080007e9   Thumb Code    48  ldc1000.o(.text)
    LDC1000_WriteReg                         0x08000819   Thumb Code    38  ldc1000.o(.text)
    LDC1000_SPI_Init                         0x0800083f   Thumb Code    86  ldc1000.o(.text)
    LDC1000_GPIO_Init                        0x08000895   Thumb Code   128  ldc1000.o(.text)
    LDC1000_Init                             0x08000915   Thumb Code   106  ldc1000.o(.text)
    LDC1000_ReadReg                          0x0800097f   Thumb Code    42  ldc1000.o(.text)
    LDC1000_ReadByte                         0x080009a9   Thumb Code     4  ldc1000.o(.text)
    LDC1000_ReadBytes                        0x080009ad   Thumb Code    54  ldc1000.o(.text)
    SPIx_ReadWriteByte                       0x080009e3   Thumb Code    78  ldc1000.o(.text)
    SPI_LDC1000_ReadBytes                    0x08000a31   Thumb Code    60  ldc1000.o(.text)
    GPIO_Motor                               0x08000a7d   Thumb Code    40  pwm.o(.text)
    GPIO_TimPWM                              0x08000aa5   Thumb Code    38  pwm.o(.text)
    pwm1                                     0x08000acb   Thumb Code   120  pwm.o(.text)
    pwm2                                     0x08000b43   Thumb Code   120  pwm.o(.text)
    PWM_TIM4_CH1_Config                      0x08000bbb   Thumb Code   138  pwm.o(.text)
    Run                                      0x08000c55   Thumb Code    40  motor.o(.text)
    RunLeft                                  0x08000c7d   Thumb Code    40  motor.o(.text)
    RunRight                                 0x08000ca5   Thumb Code    40  motor.o(.text)
    TIM1_Int_Init                            0x08000cd1   Thumb Code    98  timer.o(.text)
    Encoder_Init                             0x08000d33   Thumb Code   210  timer.o(.text)
    readEncoder                              0x08000e05   Thumb Code    38  timer.o(.text)
    TIM1_UP_IRQHandler                       0x08000e2b   Thumb Code   156  timer.o(.text)
    GPIO_DeInit                              0x08000ef1   Thumb Code   172  stm32f10x_gpio.o(.text)
    GPIO_AFIODeInit                          0x08000f9d   Thumb Code    20  stm32f10x_gpio.o(.text)
    GPIO_Init                                0x08000fb1   Thumb Code   274  stm32f10x_gpio.o(.text)
    GPIO_StructInit                          0x080010c3   Thumb Code    16  stm32f10x_gpio.o(.text)
    GPIO_ReadInputDataBit                    0x080010d3   Thumb Code    18  stm32f10x_gpio.o(.text)
    GPIO_ReadInputData                       0x080010e5   Thumb Code     8  stm32f10x_gpio.o(.text)
    GPIO_ReadOutputDataBit                   0x080010ed   Thumb Code    18  stm32f10x_gpio.o(.text)
    GPIO_ReadOutputData                      0x080010ff   Thumb Code     8  stm32f10x_gpio.o(.text)
    GPIO_SetBits                             0x08001107   Thumb Code     4  stm32f10x_gpio.o(.text)
    GPIO_ResetBits                           0x0800110b   Thumb Code     4  stm32f10x_gpio.o(.text)
    GPIO_WriteBit                            0x0800110f   Thumb Code    10  stm32f10x_gpio.o(.text)
    GPIO_Write                               0x08001119   Thumb Code     4  stm32f10x_gpio.o(.text)
    GPIO_PinLockConfig                       0x0800111d   Thumb Code    18  stm32f10x_gpio.o(.text)
    GPIO_EventOutputConfig                   0x0800112f   Thumb Code    26  stm32f10x_gpio.o(.text)
    GPIO_EventOutputCmd                      0x08001149   Thumb Code     6  stm32f10x_gpio.o(.text)
    GPIO_PinRemapConfig                      0x0800114f   Thumb Code   138  stm32f10x_gpio.o(.text)
    GPIO_EXTILineConfig                      0x080011d9   Thumb Code    66  stm32f10x_gpio.o(.text)
    GPIO_ETH_MediaInterfaceConfig            0x0800121b   Thumb Code     6  stm32f10x_gpio.o(.text)
    RCC_DeInit                               0x08001249   Thumb Code    64  stm32f10x_rcc.o(.text)
    RCC_HSEConfig                            0x08001289   Thumb Code    70  stm32f10x_rcc.o(.text)
    RCC_GetFlagStatus                        0x080012cf   Thumb Code    56  stm32f10x_rcc.o(.text)
    RCC_WaitForHSEStartUp                    0x08001307   Thumb Code    48  stm32f10x_rcc.o(.text)
    RCC_AdjustHSICalibrationValue            0x08001337   Thumb Code    20  stm32f10x_rcc.o(.text)
    RCC_HSICmd                               0x0800134b   Thumb Code     6  stm32f10x_rcc.o(.text)
    RCC_PLLConfig                            0x08001351   Thumb Code    24  stm32f10x_rcc.o(.text)
    RCC_PLLCmd                               0x08001369   Thumb Code     6  stm32f10x_rcc.o(.text)
    RCC_SYSCLKConfig                         0x0800136f   Thumb Code    18  stm32f10x_rcc.o(.text)
    RCC_GetSYSCLKSource                      0x08001381   Thumb Code    10  stm32f10x_rcc.o(.text)
    RCC_HCLKConfig                           0x0800138b   Thumb Code    18  stm32f10x_rcc.o(.text)
    RCC_PCLK1Config                          0x0800139d   Thumb Code    18  stm32f10x_rcc.o(.text)
    RCC_PCLK2Config                          0x080013af   Thumb Code    20  stm32f10x_rcc.o(.text)
    RCC_ITConfig                             0x080013c3   Thumb Code    30  stm32f10x_rcc.o(.text)
    RCC_USBCLKConfig                         0x080013e1   Thumb Code     6  stm32f10x_rcc.o(.text)
    RCC_ADCCLKConfig                         0x080013e7   Thumb Code    18  stm32f10x_rcc.o(.text)
    RCC_LSEConfig                            0x080013f9   Thumb Code    44  stm32f10x_rcc.o(.text)
    RCC_LSICmd                               0x08001425   Thumb Code     6  stm32f10x_rcc.o(.text)
    RCC_RTCCLKConfig                         0x0800142b   Thumb Code    12  stm32f10x_rcc.o(.text)
    RCC_RTCCLKCmd                            0x08001437   Thumb Code     8  stm32f10x_rcc.o(.text)
    RCC_GetClocksFreq                        0x0800143f   Thumb Code   192  stm32f10x_rcc.o(.text)
    RCC_AHBPeriphClockCmd                    0x080014ff   Thumb Code    26  stm32f10x_rcc.o(.text)
    RCC_APB2PeriphClockCmd                   0x08001519   Thumb Code    26  stm32f10x_rcc.o(.text)
    RCC_APB1PeriphClockCmd                   0x08001533   Thumb Code    26  stm32f10x_rcc.o(.text)
    RCC_APB2PeriphResetCmd                   0x0800154d   Thumb Code    26  stm32f10x_rcc.o(.text)
    RCC_APB1PeriphResetCmd                   0x08001567   Thumb Code    26  stm32f10x_rcc.o(.text)
    RCC_BackupResetCmd                       0x08001581   Thumb Code     8  stm32f10x_rcc.o(.text)
    RCC_ClockSecuritySystemCmd               0x08001589   Thumb Code     6  stm32f10x_rcc.o(.text)
    RCC_MCOConfig                            0x0800158f   Thumb Code     6  stm32f10x_rcc.o(.text)
    RCC_ClearFlag                            0x08001595   Thumb Code    14  stm32f10x_rcc.o(.text)
    RCC_GetITStatus                          0x080015a3   Thumb Code    20  stm32f10x_rcc.o(.text)
    RCC_ClearITPendingBit                    0x080015b7   Thumb Code     6  stm32f10x_rcc.o(.text)
    USART_DeInit                             0x080015e9   Thumb Code   134  stm32f10x_usart.o(.text)
    USART_Init                               0x0800166f   Thumb Code   210  stm32f10x_usart.o(.text)
    USART_StructInit                         0x08001741   Thumb Code    24  stm32f10x_usart.o(.text)
    USART_ClockInit                          0x08001759   Thumb Code    34  stm32f10x_usart.o(.text)
    USART_ClockStructInit                    0x0800177b   Thumb Code    12  stm32f10x_usart.o(.text)
    USART_Cmd                                0x08001787   Thumb Code    24  stm32f10x_usart.o(.text)
    USART_ITConfig                           0x0800179f   Thumb Code    74  stm32f10x_usart.o(.text)
    USART_DMACmd                             0x080017e9   Thumb Code    24  stm32f10x_usart.o(.text)
    USART_SetAddress                         0x08001801   Thumb Code    18  stm32f10x_usart.o(.text)
    USART_WakeUpConfig                       0x08001813   Thumb Code    18  stm32f10x_usart.o(.text)
    USART_ReceiverWakeUpCmd                  0x08001825   Thumb Code    24  stm32f10x_usart.o(.text)
    USART_LINBreakDetectLengthConfig         0x0800183d   Thumb Code    18  stm32f10x_usart.o(.text)
    USART_LINCmd                             0x0800184f   Thumb Code    24  stm32f10x_usart.o(.text)
    USART_SendData                           0x08001867   Thumb Code     8  stm32f10x_usart.o(.text)
    USART_ReceiveData                        0x0800186f   Thumb Code    10  stm32f10x_usart.o(.text)
    USART_SendBreak                          0x08001879   Thumb Code    10  stm32f10x_usart.o(.text)
    USART_SetGuardTime                       0x08001883   Thumb Code    16  stm32f10x_usart.o(.text)
    USART_SetPrescaler                       0x08001893   Thumb Code    16  stm32f10x_usart.o(.text)
    USART_SmartCardCmd                       0x080018a3   Thumb Code    24  stm32f10x_usart.o(.text)
    USART_SmartCardNACKCmd                   0x080018bb   Thumb Code    24  stm32f10x_usart.o(.text)
    USART_HalfDuplexCmd                      0x080018d3   Thumb Code    24  stm32f10x_usart.o(.text)
    USART_OverSampling8Cmd                   0x080018eb   Thumb Code    22  stm32f10x_usart.o(.text)
    USART_OneBitMethodCmd                    0x08001901   Thumb Code    24  stm32f10x_usart.o(.text)
    USART_IrDAConfig                         0x08001919   Thumb Code    18  stm32f10x_usart.o(.text)
    USART_IrDACmd                            0x0800192b   Thumb Code    24  stm32f10x_usart.o(.text)
    USART_GetFlagStatus                      0x08001943   Thumb Code    26  stm32f10x_usart.o(.text)
    USART_ClearFlag                          0x0800195d   Thumb Code    18  stm32f10x_usart.o(.text)
    USART_GetITStatus                        0x0800196f   Thumb Code    84  stm32f10x_usart.o(.text)
    USART_ClearITPendingBit                  0x080019c3   Thumb Code    50  stm32f10x_usart.o(.text)
    SPI_I2S_DeInit                           0x080019f5   Thumb Code    76  stm32f10x_spi.o(.text)
    SPI_Init                                 0x08001a41   Thumb Code    60  stm32f10x_spi.o(.text)
    I2S_Init                                 0x08001a7d   Thumb Code   222  stm32f10x_spi.o(.text)
    SPI_StructInit                           0x08001b5b   Thumb Code    24  stm32f10x_spi.o(.text)
    I2S_StructInit                           0x08001b73   Thumb Code    20  stm32f10x_spi.o(.text)
    SPI_Cmd                                  0x08001b87   Thumb Code    24  stm32f10x_spi.o(.text)
    I2S_Cmd                                  0x08001b9f   Thumb Code    24  stm32f10x_spi.o(.text)
    SPI_I2S_ITConfig                         0x08001bb7   Thumb Code    36  stm32f10x_spi.o(.text)
    SPI_I2S_DMACmd                           0x08001bdb   Thumb Code    24  stm32f10x_spi.o(.text)
    SPI_I2S_SendData                         0x08001bf3   Thumb Code     4  stm32f10x_spi.o(.text)
    SPI_I2S_ReceiveData                      0x08001bf7   Thumb Code     6  stm32f10x_spi.o(.text)
    SPI_NSSInternalSoftwareConfig            0x08001bfd   Thumb Code    30  stm32f10x_spi.o(.text)
    SPI_SSOutputCmd                          0x08001c1b   Thumb Code    24  stm32f10x_spi.o(.text)
    SPI_DataSizeConfig                       0x08001c33   Thumb Code    18  stm32f10x_spi.o(.text)
    SPI_TransmitCRC                          0x08001c45   Thumb Code    10  stm32f10x_spi.o(.text)
    SPI_CalculateCRC                         0x08001c4f   Thumb Code    24  stm32f10x_spi.o(.text)
    SPI_GetCRC                               0x08001c67   Thumb Code    16  stm32f10x_spi.o(.text)
    SPI_GetCRCPolynomial                     0x08001c77   Thumb Code     6  stm32f10x_spi.o(.text)
    SPI_BiDirectionalLineConfig              0x08001c7d   Thumb Code    28  stm32f10x_spi.o(.text)
    SPI_I2S_GetFlagStatus                    0x08001c99   Thumb Code    18  stm32f10x_spi.o(.text)
    SPI_I2S_ClearFlag                        0x08001cab   Thumb Code     6  stm32f10x_spi.o(.text)
    SPI_I2S_GetITStatus                      0x08001cb1   Thumb Code    52  stm32f10x_spi.o(.text)
    SPI_I2S_ClearITPendingBit                0x08001ce5   Thumb Code    20  stm32f10x_spi.o(.text)
    TIM_DeInit                               0x08001d05   Thumb Code   424  stm32f10x_tim.o(.text)
    TIM_TimeBaseInit                         0x08001ead   Thumb Code   122  stm32f10x_tim.o(.text)
    TIM_OC1Init                              0x08001f27   Thumb Code   132  stm32f10x_tim.o(.text)
    TIM_OC2Init                              0x08001fab   Thumb Code   146  stm32f10x_tim.o(.text)
    TIM_OC3Init                              0x0800203d   Thumb Code   142  stm32f10x_tim.o(.text)
    TIM_OC4Init                              0x080020cb   Thumb Code   174  stm32f10x_tim.o(.text)
    TIM_SetIC4Prescaler                      0x08002179   Thumb Code    22  stm32f10x_tim.o(.text)
    TIM_SetIC3Prescaler                      0x08002205   Thumb Code    18  stm32f10x_tim.o(.text)
    TIM_SetIC2Prescaler                      0x08002289   Thumb Code    22  stm32f10x_tim.o(.text)
    TIM_SetIC1Prescaler                      0x08002315   Thumb Code    18  stm32f10x_tim.o(.text)
    TIM_ICInit                               0x08002391   Thumb Code   150  stm32f10x_tim.o(.text)
    TIM_PWMIConfig                           0x08002427   Thumb Code   124  stm32f10x_tim.o(.text)
    TIM_BDTRConfig                           0x080024a3   Thumb Code    32  stm32f10x_tim.o(.text)
    TIM_TimeBaseStructInit                   0x080024c3   Thumb Code    18  stm32f10x_tim.o(.text)
    TIM_OCStructInit                         0x080024d5   Thumb Code    20  stm32f10x_tim.o(.text)
    TIM_ICStructInit                         0x080024e9   Thumb Code    18  stm32f10x_tim.o(.text)
    TIM_BDTRStructInit                       0x080024fb   Thumb Code    18  stm32f10x_tim.o(.text)
    TIM_Cmd                                  0x0800250d   Thumb Code    24  stm32f10x_tim.o(.text)
    TIM_CtrlPWMOutputs                       0x08002525   Thumb Code    50  stm32f10x_tim.o(.text)
    TIM_ITConfig                             0x08002557   Thumb Code    24  stm32f10x_tim.o(.text)
    TIM_GenerateEvent                        0x0800256f   Thumb Code     4  stm32f10x_tim.o(.text)
    TIM_DMAConfig                            0x08002573   Thumb Code    10  stm32f10x_tim.o(.text)
    TIM_DMACmd                               0x0800257d   Thumb Code    24  stm32f10x_tim.o(.text)
    TIM_InternalClockConfig                  0x08002595   Thumb Code    12  stm32f10x_tim.o(.text)
    TIM_SelectInputTrigger                   0x080025a1   Thumb Code    18  stm32f10x_tim.o(.text)
    TIM_ITRxExternalClockConfig              0x080025b3   Thumb Code    24  stm32f10x_tim.o(.text)
    TIM_TIxExternalClockConfig               0x080025cb   Thumb Code    62  stm32f10x_tim.o(.text)
    TIM_ETRConfig                            0x08002609   Thumb Code    24  stm32f10x_tim.o(.text)
    TIM_ETRClockMode1Config                  0x08002621   Thumb Code    54  stm32f10x_tim.o(.text)
    TIM_ETRClockMode2Config                  0x08002657   Thumb Code    32  stm32f10x_tim.o(.text)
    TIM_PrescalerConfig                      0x08002677   Thumb Code     6  stm32f10x_tim.o(.text)
    TIM_CounterModeConfig                    0x0800267d   Thumb Code    18  stm32f10x_tim.o(.text)
    TIM_EncoderInterfaceConfig               0x0800268f   Thumb Code    62  stm32f10x_tim.o(.text)
    TIM_ForcedOC1Config                      0x080026cd   Thumb Code    18  stm32f10x_tim.o(.text)
    TIM_ForcedOC2Config                      0x080026df   Thumb Code    22  stm32f10x_tim.o(.text)
    TIM_ForcedOC3Config                      0x080026f5   Thumb Code    18  stm32f10x_tim.o(.text)
    TIM_ForcedOC4Config                      0x08002707   Thumb Code    22  stm32f10x_tim.o(.text)
    TIM_ARRPreloadConfig                     0x0800271d   Thumb Code    24  stm32f10x_tim.o(.text)
    TIM_SelectCOM                            0x08002735   Thumb Code    24  stm32f10x_tim.o(.text)
    TIM_SelectCCDMA                          0x0800274d   Thumb Code    24  stm32f10x_tim.o(.text)
    TIM_CCPreloadControl                     0x08002765   Thumb Code    24  stm32f10x_tim.o(.text)
    TIM_OC1PreloadConfig                     0x0800277d   Thumb Code    18  stm32f10x_tim.o(.text)
    TIM_OC2PreloadConfig                     0x0800278f   Thumb Code    22  stm32f10x_tim.o(.text)
    TIM_OC3PreloadConfig                     0x080027a5   Thumb Code    18  stm32f10x_tim.o(.text)
    TIM_OC4PreloadConfig                     0x080027b7   Thumb Code    22  stm32f10x_tim.o(.text)
    TIM_OC1FastConfig                        0x080027cd   Thumb Code    18  stm32f10x_tim.o(.text)
    TIM_OC2FastConfig                        0x080027df   Thumb Code    22  stm32f10x_tim.o(.text)
    TIM_OC3FastConfig                        0x080027f5   Thumb Code    18  stm32f10x_tim.o(.text)
    TIM_OC4FastConfig                        0x08002807   Thumb Code    22  stm32f10x_tim.o(.text)
    TIM_ClearOC1Ref                          0x0800281d   Thumb Code    18  stm32f10x_tim.o(.text)
    TIM_ClearOC2Ref                          0x0800282f   Thumb Code    20  stm32f10x_tim.o(.text)
    TIM_ClearOC3Ref                          0x08002843   Thumb Code    18  stm32f10x_tim.o(.text)
    TIM_ClearOC4Ref                          0x08002855   Thumb Code    20  stm32f10x_tim.o(.text)
    TIM_OC1PolarityConfig                    0x08002869   Thumb Code    18  stm32f10x_tim.o(.text)
    TIM_OC1NPolarityConfig                   0x0800287b   Thumb Code    18  stm32f10x_tim.o(.text)
    TIM_OC2PolarityConfig                    0x0800288d   Thumb Code    22  stm32f10x_tim.o(.text)
    TIM_OC2NPolarityConfig                   0x080028a3   Thumb Code    22  stm32f10x_tim.o(.text)
    TIM_OC3PolarityConfig                    0x080028b9   Thumb Code    22  stm32f10x_tim.o(.text)
    TIM_OC3NPolarityConfig                   0x080028cf   Thumb Code    22  stm32f10x_tim.o(.text)
    TIM_OC4PolarityConfig                    0x080028e5   Thumb Code    22  stm32f10x_tim.o(.text)
    TIM_CCxCmd                               0x080028fb   Thumb Code    34  stm32f10x_tim.o(.text)
    TIM_CCxNCmd                              0x0800291d   Thumb Code    34  stm32f10x_tim.o(.text)
    TIM_SelectOCxM                           0x0800293f   Thumb Code    82  stm32f10x_tim.o(.text)
    TIM_UpdateDisableConfig                  0x08002991   Thumb Code    24  stm32f10x_tim.o(.text)
    TIM_UpdateRequestConfig                  0x080029a9   Thumb Code    24  stm32f10x_tim.o(.text)
    TIM_SelectHallSensor                     0x080029c1   Thumb Code    24  stm32f10x_tim.o(.text)
    TIM_SelectOnePulseMode                   0x080029d9   Thumb Code    18  stm32f10x_tim.o(.text)
    TIM_SelectOutputTrigger                  0x080029eb   Thumb Code    18  stm32f10x_tim.o(.text)
    TIM_SelectSlaveMode                      0x080029fd   Thumb Code    18  stm32f10x_tim.o(.text)
    TIM_SelectMasterSlaveMode                0x08002a0f   Thumb Code    18  stm32f10x_tim.o(.text)
    TIM_SetCounter                           0x08002a21   Thumb Code     4  stm32f10x_tim.o(.text)
    TIM_SetAutoreload                        0x08002a25   Thumb Code     4  stm32f10x_tim.o(.text)
    TIM_SetCompare1                          0x08002a29   Thumb Code     4  stm32f10x_tim.o(.text)
    TIM_SetCompare2                          0x08002a2d   Thumb Code     4  stm32f10x_tim.o(.text)
    TIM_SetCompare3                          0x08002a31   Thumb Code     4  stm32f10x_tim.o(.text)
    TIM_SetCompare4                          0x08002a35   Thumb Code     6  stm32f10x_tim.o(.text)
    TIM_SetClockDivision                     0x08002a3b   Thumb Code    18  stm32f10x_tim.o(.text)
    TIM_GetCapture1                          0x08002a4d   Thumb Code     6  stm32f10x_tim.o(.text)
    TIM_GetCapture2                          0x08002a53   Thumb Code     6  stm32f10x_tim.o(.text)
    TIM_GetCapture3                          0x08002a59   Thumb Code     6  stm32f10x_tim.o(.text)
    TIM_GetCapture4                          0x08002a5f   Thumb Code     8  stm32f10x_tim.o(.text)
    TIM_GetCounter                           0x08002a67   Thumb Code     6  stm32f10x_tim.o(.text)
    TIM_GetPrescaler                         0x08002a6d   Thumb Code     6  stm32f10x_tim.o(.text)
    TIM_GetFlagStatus                        0x08002a73   Thumb Code    18  stm32f10x_tim.o(.text)
    TIM_ClearFlag                            0x08002a85   Thumb Code     6  stm32f10x_tim.o(.text)
    TIM_GetITStatus                          0x08002a8b   Thumb Code    34  stm32f10x_tim.o(.text)
    TIM_ClearITPendingBit                    0x08002aad   Thumb Code     6  stm32f10x_tim.o(.text)
    SystemInit                               0x08002b7d   Thumb Code    78  system_stm32f10x.o(.text)
    SystemCoreClockUpdate                    0x08002bcb   Thumb Code   142  system_stm32f10x.o(.text)
    OLED_WR_Byte                             0x08002c7d   Thumb Code   126  oled.o(.text)
    OLED_Set_Pos                             0x08002cfb   Thumb Code    46  oled.o(.text)
    OLED_Display_On                          0x08002d29   Thumb Code    28  oled.o(.text)
    OLED_Display_Off                         0x08002d45   Thumb Code    28  oled.o(.text)
    OLED_Clear                               0x08002d61   Thumb Code    64  oled.o(.text)
    OLED_ShowChar                            0x08002da1   Thumb Code   106  oled.o(.text)
    oled_pow                                 0x08002e0b   Thumb Code    22  oled.o(.text)
    OLED_ShowNum                             0x08002e21   Thumb Code   132  oled.o(.text)
    OLED_ShowString                          0x08002ea5   Thumb Code    54  oled.o(.text)
    OLED_ShowCHinese                         0x08002edb   Thumb Code    98  oled.o(.text)
    OLED_DrawBMP                             0x08002f3d   Thumb Code   114  oled.o(.text)
    OLED_Init                                0x08002faf   Thumb Code   350  oled.o(.text)
    OLEDShowCHinese                          0x0800310d   Thumb Code   144  oled.o(.text)
    __aeabi_dmul                             0x080031a5   Thumb Code   224  dmul.o(.text)
    __aeabi_i2d                              0x08003285   Thumb Code    34  dflti.o(.text)
    __aeabi_d2iz                             0x080032a7   Thumb Code    62  dfixi.o(.text)
    __aeabi_uidiv                            0x080032e5   Thumb Code     0  uidiv.o(.text)
    __aeabi_uidivmod                         0x080032e5   Thumb Code    44  uidiv.o(.text)
    __aeabi_llsr                             0x08003311   Thumb Code    32  llushr.o(.text)
    _ll_ushift_r                             0x08003311   Thumb Code     0  llushr.o(.text)
    __I$use$fp                               0x08003331   Thumb Code     0  iusefp.o(.text)
    _double_round                            0x08003331   Thumb Code    26  depilogue.o(.text)
    _double_epilogue                         0x0800334b   Thumb Code   164  depilogue.o(.text)
    __scatterload                            0x080033f1   Thumb Code    28  init.o(.text)
    __scatterload_rt2                        0x080033f1   Thumb Code     0  init.o(.text)
    __aeabi_llsl                             0x08003415   Thumb Code    30  llshl.o(.text)
    _ll_shift_l                              0x08003415   Thumb Code     0  llshl.o(.text)
    __decompress                             0x08003433   Thumb Code     0  __dczerorl2.o(.text)
    __decompress1                            0x08003433   Thumb Code    92  __dczerorl2.o(.text)
    __0printf$1                              0x08003491   Thumb Code    22  printf1.o(i.__0printf$1)
    __1printf$1                              0x08003491   Thumb Code     0  printf1.o(i.__0printf$1)
    __2printf                                0x08003491   Thumb Code     0  printf1.o(i.__0printf$1)
    __scatterload_copy                       0x080034b1   Thumb Code    14  handlers.o(i.__scatterload_copy)
    __scatterload_null                       0x080034bf   Thumb Code     2  handlers.o(i.__scatterload_null)
    __scatterload_zeroinit                   0x080034c1   Thumb Code    14  handlers.o(i.__scatterload_zeroinit)
    F6x8                                     0x08003620   Data         552  oled.o(.constdata)
    F8X16                                    0x08003848   Data        1520  oled.o(.constdata)
    Region$$Table$$Base                      0x08003e38   Number         0  anon$$obj.o(Region$$Table)
    Region$$Table$$Limit                     0x08003e58   Number         0  anon$$obj.o(Region$$Table)
    i                                        0x20000000   Data           1  main.o(.data)
    n                                        0x20000001   Data           1  main.o(.data)
    m                                        0x20000002   Data           1  main.o(.data)
    h                                        0x20000003   Data           1  main.o(.data)
    reg21                                    0x20000004   Data           4  main.o(.data)
    reg22                                    0x20000008   Data           4  main.o(.data)
    reg2122                                  0x2000000c   Data           4  main.o(.data)
    x                                        0x20000010   Data           2  main.o(.data)
    y                                        0x20000012   Data           2  main.o(.data)
    z                                        0x20000014   Data           2  main.o(.data)
    proximtyData                             0x20000016   Data           2  main.o(.data)
    proximtyDataMIN                          0x20000018   Data           4  main.o(.data)
    proximtyDataMAX                          0x2000001c   Data           4  main.o(.data)
    proximtyDataTEMP                         0x20000020   Data           4  main.o(.data)
    x1                                       0x20000024   Data           4  main.o(.data)
    x2                                       0x20000028   Data           4  main.o(.data)
    x3                                       0x2000002c   Data           4  main.o(.data)
    x4                                       0x20000030   Data           4  main.o(.data)
    x5                                       0x20000034   Data           4  main.o(.data)
    SecBak                                   0x20000038   Data           1  main.o(.data)
    TimeDelay                                0x2000003c   Data           4  delay.o(.data)
    LdcVal                                   0x20000040   Data           2  motor.o(.data)
    LdcValTmp                                0x20000042   Data           2  motor.o(.data)
    LDCValMax                                0x20000044   Data           2  motor.o(.data)
    Sec                                      0x20000048   Data           2  timer.o(.data)
    Min                                      0x2000004a   Data           2  timer.o(.data)
    mSecond                                  0x2000004c   Data           4  timer.o(.data)
    Q                                        0x20000050   Data           4  timer.o(.data)
    Encoder_Left                             0x20000054   Data           4  timer.o(.data)
    SystemCoreClock                          0x2000006c   Data           4  system_stm32f10x.o(.data)
    AHBPrescTable                            0x20000070   Data          16  system_stm32f10x.o(.data)
    Hzk                                      0x20000080   Data         640  oled.o(.data)
    __stdout                                 0x20000300   Data           4  stdout.o(.data)
    __initial_sp                             0x20000708   Data           0  startup_stm32f10x_hd.o(STACK)



==============================================================================

Memory Map of the image

  Image Entry point : 0x08000131

  Load Region LR_IROM1 (Base: 0x08000000, Size: 0x0000415c, Max: 0x00080000, ABSOLUTE, COMPRESSED[0x00003f88])

    Execution Region ER_IROM1 (Base: 0x08000000, Size: 0x00003e58, Max: 0x00080000, ABSOLUTE)

    Base Addr    Size         Type   Attr      Idx    E Section Name        Object

    0x08000000   0x00000130   Data   RO            3    RESET               startup_stm32f10x_hd.o
    0x08000130   0x00000000   Code   RO          358  * .ARM.Collect$$$$00000000  mc_w.l(entry.o)
    0x08000130   0x00000004   Code   RO          628    .ARM.Collect$$$$00000001  mc_w.l(entry2.o)
    0x08000134   0x00000004   Code   RO          631    .ARM.Collect$$$$00000004  mc_w.l(entry5.o)
    0x08000138   0x00000000   Code   RO          633    .ARM.Collect$$$$00000008  mc_w.l(entry7b.o)
    0x08000138   0x00000008   Code   RO          634    .ARM.Collect$$$$00000009  mc_w.l(entry8.o)
    0x08000140   0x00000004   Code   RO          629    .ARM.Collect$$$$00002712  mc_w.l(entry2.o)
    0x08000144   0x00000024   Code   RO            4    .text               startup_stm32f10x_hd.o
    0x08000168   0x00000264   Code   RO           10    .text               main.o
    0x080003cc   0x0000023c   Code   RO           98    .text               usart1.o
    0x08000608   0x000000cc   Code   RO          117    .text               delay.o
    0x080006d4   0x00000038   Code   RO          136    .text               stm32f10x_it.o
    0x0800070c   0x000000dc   Code   RO          152    .text               misc.o
    0x080007e8   0x00000294   Code   RO          164    .text               ldc1000.o
    0x08000a7c   0x000001d8   Code   RO          179    .text               pwm.o
    0x08000c54   0x0000007c   Code   RO          191    .text               motor.o
    0x08000cd0   0x00000220   Code   RO          209    .text               timer.o
    0x08000ef0   0x00000358   Code   RO          227    .text               stm32f10x_gpio.o
    0x08001248   0x000003a0   Code   RO          239    .text               stm32f10x_rcc.o
    0x080015e8   0x0000040c   Code   RO          253    .text               stm32f10x_usart.o
    0x080019f4   0x00000310   Code   RO          265    .text               stm32f10x_spi.o
    0x08001d04   0x00000dae   Code   RO          277    .text               stm32f10x_tim.o
    0x08002ab2   0x00000002   PAD
    0x08002ab4   0x000001c8   Code   RO          299    .text               system_stm32f10x.o
    0x08002c7c   0x00000528   Code   RO          327    .text               oled.o
    0x080031a4   0x000000e0   Code   RO          622    .text               mf_w.l(dmul.o)
    0x08003284   0x00000022   Code   RO          624    .text               mf_w.l(dflti.o)
    0x080032a6   0x0000003e   Code   RO          626    .text               mf_w.l(dfixi.o)
    0x080032e4   0x0000002c   Code   RO          636    .text               mc_w.l(uidiv.o)
    0x08003310   0x00000020   Code   RO          640    .text               mc_w.l(llushr.o)
    0x08003330   0x00000000   Code   RO          642    .text               mc_w.l(iusefp.o)
    0x08003330   0x000000be   Code   RO          643    .text               mf_w.l(depilogue.o)
    0x080033ee   0x00000002   PAD
    0x080033f0   0x00000024   Code   RO          653    .text               mc_w.l(init.o)
    0x08003414   0x0000001e   Code   RO          655    .text               mc_w.l(llshl.o)
    0x08003432   0x0000005c   Code   RO          667    .text               mc_w.l(__dczerorl2.o)
    0x0800348e   0x00000002   PAD
    0x08003490   0x00000020   Code   RO          406    i.__0printf$1       mc_w.l(printf1.o)
    0x080034b0   0x0000000e   Code   RO          661    i.__scatterload_copy  mc_w.l(handlers.o)
    0x080034be   0x00000002   Code   RO          662    i.__scatterload_null  mc_w.l(handlers.o)
    0x080034c0   0x0000000e   Code   RO          663    i.__scatterload_zeroinit  mc_w.l(handlers.o)
    0x080034ce   0x00000002   PAD
    0x080034d0   0x00000150   Code   RO          413    i._printf_core      mc_w.l(printf1.o)
    0x08003620   0x00000818   Data   RO          328    .constdata          oled.o
    0x08003e38   0x00000020   Data   RO          659    Region$$Table       anon$$obj.o


    Execution Region RW_IRAM1 (Base: 0x20000000, Size: 0x00000708, Max: 0x00010000, ABSOLUTE, COMPRESSED[0x00000130])

    Base Addr    Size         Type   Attr      Idx    E Section Name        Object

    0x20000000   0x00000039   Data   RW           11    .data               main.o
    0x20000039   0x00000003   PAD
    0x2000003c   0x00000004   Data   RW          118    .data               delay.o
    0x20000040   0x00000006   Data   RW          192    .data               motor.o
    0x20000046   0x00000002   PAD
    0x20000048   0x00000010   Data   RW          210    .data               timer.o
    0x20000058   0x00000014   Data   RW          240    .data               stm32f10x_rcc.o
    0x2000006c   0x00000014   Data   RW          300    .data               system_stm32f10x.o
    0x20000080   0x00000280   Data   RW          329    .data               oled.o
    0x20000300   0x00000004   Data   RW          635    .data               mc_w.l(stdout.o)
    0x20000304   0x00000004   PAD
    0x20000308   0x00000400   Zero   RW            1    STACK               startup_stm32f10x_hd.o


==============================================================================

Image component sizes


      Code (inc. data)   RO Data    RW Data    ZI Data      Debug   Object Name

       204         20          0          4          0      16506   delay.o
       660         16          0          0          0       3196   ldc1000.o
       612         72          0         57          0     261144   main.o
       220         20          0          0          0       1689   misc.o
       124          4          0          6          0        900   motor.o
      1320         20       2072        640          0       4833   oled.o
       472         16          0          0          0       1643   pwm.o
        36          8        304          0       1024        796   startup_stm32f10x_hd.o
       856         40          0          0          0       5621   stm32f10x_gpio.o
        56          4          0          0          0       1268   stm32f10x_it.o
       928         44          0         20          0       8760   stm32f10x_rcc.o
       784         12          0          0          0       6526   stm32f10x_spi.o
      3502         86          0          0          0      22792   stm32f10x_tim.o
      1036         20          0          0          0       8368   stm32f10x_usart.o
       456         36          0         20          0       1695   system_stm32f10x.o
       544         42          0         16          0       1717   timer.o
       572         10          0          0          0       3940   usart1.o

    ----------------------------------------------------------------------
     12384        470       2408        768       1024     351394   Object Totals
         0          0         32          0          0          0   (incl. Generated)
         2          0          0          5          0          0   (incl. Padding)

    ----------------------------------------------------------------------

      Code (inc. data)   RO Data    RW Data    ZI Data      Debug   Library Member Name

        92          0          0          0          0          0   __dczerorl2.o
         0          0          0          0          0          0   entry.o
         8          4          0          0          0          0   entry2.o
         4          0          0          0          0          0   entry5.o
         0          0          0          0          0          0   entry7b.o
         8          4          0          0          0          0   entry8.o
        30          0          0          0          0          0   handlers.o
        36          8          0          0          0         68   init.o
         0          0          0          0          0          0   iusefp.o
        30          0          0          0          0         68   llshl.o
        32          0          0          0          0         68   llushr.o
       368         14          0          0          0        180   printf1.o
         0          0          0          4          0          0   stdout.o
        44          0          0          0          0         80   uidiv.o
       190          0          0          0          0        176   depilogue.o
        62          0          0          0          0         80   dfixi.o
        34          0          0          0          0         76   dflti.o
       224          0          0          0          0         96   dmul.o

    ----------------------------------------------------------------------
      1168         30          0          4          4        892   Library Totals
         6          0          0          0          4          0   (incl. Padding)

    ----------------------------------------------------------------------

      Code (inc. data)   RO Data    RW Data    ZI Data      Debug   Library Name

       652         30          0          4          0        464   mc_w.l
       510          0          0          0          0        428   mf_w.l

    ----------------------------------------------------------------------
      1168         30          0          4          4        892   Library Totals

    ----------------------------------------------------------------------

==============================================================================


      Code (inc. data)   RO Data    RW Data    ZI Data      Debug   

     13552        500       2408        772       1028     350310   Grand Totals
     13552        500       2408        304       1028     350310   ELF Image Totals (compressed)
     13552        500       2408        304          0          0   ROM Totals

==============================================================================

    Total RO  Size (Code + RO Data)                15960 (  15.59kB)
    Total RW  Size (RW Data + ZI Data)              1800 (   1.76kB)
    Total ROM Size (Code + RO Data + RW Data)      16264 (  15.88kB)

==============================================================================

